// Jest Snapshot v1, https://goo.gl/fbAQLP

exports[`[Android] project build.gradle test applies changes to project build.grade 1`] = `
"// Top-level build file where you can add configuration options common to all sub-projects/modules.

buildscript {
    ext {
        buildToolsVersion = \\"29.0.3\\"
        minSdkVersion = 21
        compileSdkVersion = 30
        targetSdkVersion = 30
    }
    repositories {
        google()
        jcenter()
    }
    dependencies {
        classpath(\\"com.android.tools.build:gradle:4.1.0\\")

        // NOTE: Do not place your application dependencies here; they belong
        // in the individual module build.gradle files
    }
}

allprojects {
    repositories {
        mavenLocal()
        maven { url \\"$rootDir/../node_modules/@notifee/react-native/android/libs\\" }
        maven {
            // All of React Native (JS, Obj-C sources, Android binaries) is installed from npm
            url(\\"$rootDir/../node_modules/react-native/android\\")
        }
        maven {
            // Android JSC is installed from npm
            url(\\"$rootDir/../node_modules/jsc-android/dist\\")
        }

        google()
        jcenter()
        maven { url 'https://www.jitpack.io' }
    }
}
"
`;
